// Jest Snapshot v1, https://goo.gl/fbAQLP

exports[`TheDate Component renders the UI as expected 1`] = `
<div>
  <br />
  8/16/2020, 12:07:41 PM
</div>
`;
